MariaDB [(none)]> use task_manager
Database changed
MariaDB [task_manager]> SELECT 
    -> a.id, a.task_name, b.task_status, b.task_comments, d.category_name as 'Category',
    -> DATEDIFF(a.task_duration_end, a.task_duration_start) as 'Lama Pengerjaan',
    -> c.name as 'Create By', (SELECT name from users where users.id = task_dailies.user_verify_id ) as 'Verified By'
    -> FROM task_plans a
    -> RIGHT JOIN task_dailies b ON a.id = b.plan_id
    -> INNER JOIN users c ON b.id = c.id
    -> RIGHT JOIN task_categories d ON a.category_id = d.id
    -> ;
ERROR 1054 (42S22): Unknown column 'a.task_duration_start' in 'field list'
MariaDB [task_manager]> SELECT 
    -> a.id, a.task_name, b.task_status, b.task_comments, d.category_name as 'Category',
    -> DATEDIFF(a.task_duration_end, a.ask_duration_start) as 'Lama Pengerjaan',
    -> c.name as 'Create By', (SELECT name from users where users.id = task_dailies.user_verify_id ) as 'Verified By'
    -> FROM task_plans a
    -> RIGHT JOIN task_dailies b ON a.id = b.plan_id
    -> INNER JOIN users c ON b.id = c.id
    -> RIGHT JOIN task_categories d ON a.category_id = d.id;
ERROR 1054 (42S22): Unknown column 'task_dailies.user_verify_id' in 'where clause'
MariaDB [task_manager]> create view 211402082 as
    -> select from task_plans.id, task_plans.task_name, task_plans.task_status, task_plans.indicators_id, task_plans.user_create, task_categories.category_name, task_indicators.indicator_name from task_indicators
    -> join task_plans on
    -> task_plans.category._id = task_categories.id join
    -> task_indicators on
    -> task_plans.category._id = task_indicators.id;
ERROR 1064 (42000): You have an error in your SQL syntax; check the manual that corresponds to your MariaDB server version for the right syntax to use near '211402082 as
select from task_plans.id, task_plans.task_name, task_plans.task...' at line 1
MariaDB [task_manager]> close
    -> ;
ERROR 1064 (42000): You have an error in your SQL syntax; check the manual that corresponds to your MariaDB server version for the right syntax to use near 'close' at line 1
MariaDB [task_manager]> exit;
